
> overai@0.0.0 build
> tsc -b && vite build

src/App.tsx(3,17): error TS2724: '"react-resizable-panels"' has no exported member named 'PanelGroup'. Did you mean 'PanelProps'?
src/App.tsx(3,29): error TS2305: Module '"react-resizable-panels"' has no exported member 'PanelResizeHandle'.
